// Jest Snapshot v1, https://goo.gl/fbAQLP

exports[`GET /todos 1`] = `undefined`;
